Component: ARM Compiler 5.06 update 7 (build 960) Tool: armlink [4d3601]

==============================================================================

Section Cross References

    startup.o(RESET) refers to startup.o(STACK) for __initial_sp
    startup.o(RESET) refers to startup.o(.text) for Reset_Handler


==============================================================================

Removing Unused input sections from the image.

    Removing startup.o(HEAP), (512 bytes).

1 unused section(s) (total 512 bytes) removed from the image.

==============================================================================

Image Symbol Table

    Local Symbols

    Symbol Name                              Value     Ov Type        Size  Object(Section)

    RESET                                    0x00000000   Section      204  startup.o(RESET)
    startup.s                                0x00000000   Number         0  startup.o ABSOLUTE
    .ARM.__at_0x02FC                         0x000002fc   Section        4  startup.o(.ARM.__at_0x02FC)
    .text                                    0x00000300   Section     8444  startup.o(.text)
    stop                                     0x00000371   Thumb Code     2  startup.o(.text)
    Calories_food                            0x00001390   Data          32  startup.o(.text)
    Calories_sport                           0x000013c8   Data          24  startup.o(.text)
    Num_days                                 0x000013e0   Data           1  startup.o(.text)
    Num_days_sport                           0x000013e1   Data           1  startup.o(.text)
    STACK                                    0x10000000   Section      512  startup.o(STACK)

    Global Symbols

    Symbol Name                              Value     Ov Type        Size  Object(Section)

    BuildAttributes$$THM_ISAv4$P$D$K$B$S$PE$A:L22UL41UL21$X:L11$S22US41US21$IEEE1$IW$USESV6$~STKCKD$USESV7$~SHL$OSPACE$EBA8$STANDARDLIB$PRES8$EABIv2 0x00000000   Number         0  anon$$obj.o ABSOLUTE
    __Vectors                                0x00000000   Data           4  startup.o(RESET)
    Reset_Handler                            0x00000301   Thumb Code   114  startup.o(.text)
    NMI_Handler                              0x000023e3   Thumb Code     2  startup.o(.text)
    HardFault_Handler                        0x000023e5   Thumb Code     6  startup.o(.text)
    MemManage_Handler                        0x000023eb   Thumb Code     2  startup.o(.text)
    BusFault_Handler                         0x000023ed   Thumb Code     2  startup.o(.text)
    UsageFault_Handler                       0x000023ef   Thumb Code     2  startup.o(.text)
    SVC_Handler                              0x000023f1   Thumb Code     2  startup.o(.text)
    DebugMon_Handler                         0x000023f3   Thumb Code     2  startup.o(.text)
    PendSV_Handler                           0x000023f5   Thumb Code     2  startup.o(.text)
    SysTick_Handler                          0x000023f7   Thumb Code     2  startup.o(.text)
    ADC_IRQHandler                           0x000023f9   Thumb Code     0  startup.o(.text)
    BOD_IRQHandler                           0x000023f9   Thumb Code     0  startup.o(.text)
    CANActivity_IRQHandler                   0x000023f9   Thumb Code     0  startup.o(.text)
    CAN_IRQHandler                           0x000023f9   Thumb Code     0  startup.o(.text)
    DMA_IRQHandler                           0x000023f9   Thumb Code     0  startup.o(.text)
    EINT0_IRQHandler                         0x000023f9   Thumb Code     0  startup.o(.text)
    EINT1_IRQHandler                         0x000023f9   Thumb Code     0  startup.o(.text)
    EINT2_IRQHandler                         0x000023f9   Thumb Code     0  startup.o(.text)
    EINT3_IRQHandler                         0x000023f9   Thumb Code     0  startup.o(.text)
    ENET_IRQHandler                          0x000023f9   Thumb Code     0  startup.o(.text)
    I2C0_IRQHandler                          0x000023f9   Thumb Code     0  startup.o(.text)
    I2C1_IRQHandler                          0x000023f9   Thumb Code     0  startup.o(.text)
    I2C2_IRQHandler                          0x000023f9   Thumb Code     0  startup.o(.text)
    I2S_IRQHandler                           0x000023f9   Thumb Code     0  startup.o(.text)
    MCPWM_IRQHandler                         0x000023f9   Thumb Code     0  startup.o(.text)
    PLL0_IRQHandler                          0x000023f9   Thumb Code     0  startup.o(.text)
    PLL1_IRQHandler                          0x000023f9   Thumb Code     0  startup.o(.text)
    PWM1_IRQHandler                          0x000023f9   Thumb Code     0  startup.o(.text)
    QEI_IRQHandler                           0x000023f9   Thumb Code     0  startup.o(.text)
    RIT_IRQHandler                           0x000023f9   Thumb Code     0  startup.o(.text)
    RTC_IRQHandler                           0x000023f9   Thumb Code     0  startup.o(.text)
    SPI_IRQHandler                           0x000023f9   Thumb Code     0  startup.o(.text)
    SSP0_IRQHandler                          0x000023f9   Thumb Code     0  startup.o(.text)
    SSP1_IRQHandler                          0x000023f9   Thumb Code     0  startup.o(.text)
    TIMER0_IRQHandler                        0x000023f9   Thumb Code     0  startup.o(.text)
    TIMER1_IRQHandler                        0x000023f9   Thumb Code     0  startup.o(.text)
    TIMER2_IRQHandler                        0x000023f9   Thumb Code     0  startup.o(.text)
    TIMER3_IRQHandler                        0x000023f9   Thumb Code     0  startup.o(.text)
    UART0_IRQHandler                         0x000023f9   Thumb Code     0  startup.o(.text)
    UART1_IRQHandler                         0x000023f9   Thumb Code     0  startup.o(.text)
    UART2_IRQHandler                         0x000023f9   Thumb Code     0  startup.o(.text)
    UART3_IRQHandler                         0x000023f9   Thumb Code     0  startup.o(.text)
    USBActivity_IRQHandler                   0x000023f9   Thumb Code     0  startup.o(.text)
    USB_IRQHandler                           0x000023f9   Thumb Code     0  startup.o(.text)
    WDT_IRQHandler                           0x000023f9   Thumb Code     0  startup.o(.text)
    __initial_sp                             0x10000200   Data           0  startup.o(STACK)



==============================================================================

Memory Map of the image

  Image Entry point : 0x00000301

  Load Region LR_1 (Base: 0x00000000, Size: 0x000023fc, Max: 0xffffffff, ABSOLUTE)

    Execution Region ER_RO (Exec base: 0x00000000, Load base: 0x00000000, Size: 0x000023fc, Max: 0xffffffff, ABSOLUTE)

    Exec Addr    Load Addr    Size         Type   Attr      Idx    E Section Name        Object

    0x00000000   0x00000000   0x000000cc   Data   RO            3    RESET               startup.o
    0x000000cc   0x000000cc   0x00000230   PAD
    0x000002fc   0x000002fc   0x00000004   Code   RO            4    .ARM.__at_0x02FC    startup.o
    0x00000300   0x00000300   0x000020fc   Code   RO            5  * .text               startup.o


    Execution Region ER_RW (Exec base: 0x10000000, Load base: 0x000023fc, Size: 0x00000000, Max: 0xffffffff, ABSOLUTE)

    **** No section assigned to this execution region ****


    Execution Region ER_ZI (Exec base: 0x10000000, Load base: 0x000023fc, Size: 0x00000200, Max: 0xffffffff, ABSOLUTE)

    Exec Addr    Load Addr    Size         Type   Attr      Idx    E Section Name        Object

    0x10000000        -       0x00000200   Zero   RW            1    STACK               startup.o


==============================================================================

Image component sizes


      Code (inc. data)   RO Data    RW Data    ZI Data      Debug   Object Name

      8448       8310        204          0        512       1124   startup.o

    ----------------------------------------------------------------------
      8448       8310        764          0        512       1124   Object Totals
         0          0          0          0          0          0   (incl. Generated)
         0          0        560          0          0          0   (incl. Padding)

    ----------------------------------------------------------------------
         0          0          0          0          0          0   Library Totals
         0          0          0          0          0          0   (incl. Padding)

    ----------------------------------------------------------------------

==============================================================================


      Code (inc. data)   RO Data    RW Data    ZI Data      Debug   

      8448       8310        764          0        512       1124   Grand Totals
      8448       8310        764          0        512       1124   ELF Image Totals
      8448       8310        764          0          0          0   ROM Totals

==============================================================================

    Total RO  Size (Code + RO Data)                 9212 (   9.00kB)
    Total RW  Size (RW Data + ZI Data)               512 (   0.50kB)
    Total ROM Size (Code + RO Data + RW Data)       9212 (   9.00kB)

==============================================================================

